******************************************************************************
             TMS320C2000 Linker PC v20.2.0                     
******************************************************************************
>> Linked Sat Nov 28 14:30:22 2020

OUTPUT FILE NAME:   <empty_driverlib_project_cpu1.out>
ENTRY POINT SYMBOL: "code_start"  address: 00000000


MEMORY CONFIGURATION

         name            origin    length      used     unused   attr    fill
----------------------  --------  ---------  --------  --------  ----  --------
PAGE 0:
  BEGIN                 00000000   00000002  00000002  00000000  RWIX
  RAMM0                 00000123   000002dd  00000018  000002c5  RWIX
  RAMLS0                00008000   00000800  00000000  00000800  RWIX
  RAMLS1                00008800   00000800  00000000  00000800  RWIX
  RAMLS2                00009000   00000800  00000000  00000800  RWIX
  RAMLS3                00009800   00000800  00000000  00000800  RWIX
  RAMLS4                0000a000   00000800  00000000  00000800  RWIX
  RAMD0                 0000b000   00000800  00000000  00000800  RWIX
  RAMGS12               00018000   00001000  00001000  00000000  RWIX
  RAMGS13               00019000   00001000  000002ea  00000d16  RWIX
  RAMGS14               0001a000   00001000  00000000  00001000  RWIX
  RAMGS15               0001b000   00000ff8  00000000  00000ff8  RWIX
  RESET                 003fffc0   00000002  00000000  00000002  RWIX

PAGE 1:
  BOOT_RSVD             00000002   00000121  00000000  00000121  RWIX
  RAMM1                 00000400   000003f8  00000100  000002f8  RWIX
  RAMLS5                0000a800   00000800  00000295  0000056b  RWIX
  RAMD1                 0000b800   00000800  00000000  00000800  RWIX
  RAMGS0                0000c000   00001000  00000000  00001000  RWIX
  RAMGS1                0000d000   00001000  00000000  00001000  RWIX
  RAMGS2                0000e000   00001000  00000000  00001000  RWIX
  RAMGS3                0000f000   00001000  00000000  00001000  RWIX
  RAMGS4                00010000   00001000  00000000  00001000  RWIX
  RAMGS5                00011000   00001000  00000000  00001000  RWIX
  RAMGS6                00012000   00001000  00000000  00001000  RWIX
  RAMGS7                00013000   00001000  00000000  00001000  RWIX
  RAMGS8                00014000   00001000  00000000  00001000  RWIX
  RAMGS9                00015000   00001000  00000000  00001000  RWIX
  RAMGS10               00016000   00001000  00000000  00001000  RWIX
  RAMGS11               00017000   00001000  00000000  00001000  RWIX
  CPU2TOCPU1RAM         0003f800   00000400  00000000  00000400  RWIX
  CPU1TOCPU2RAM         0003fc00   00000400  00000000  00000400  RWIX
  CANA_MSG_RAM          00049000   00000800  00000000  00000800  RWIX
  CANB_MSG_RAM          0004b000   00000800  00000000  00000800  RWIX


SECTION ALLOCATION MAP

 output                                  attributes/
section   page    origin      length       input sections
--------  ----  ----------  ----------   ----------------
codestart 
*          0    00000000    00000002     
                  00000000    00000002     F2837xD_CodeStartBranch.obj (codestart)

.cinit     0    00000128    00000014     
                  00000128    0000000a     (.cinit..data.load) [load image, compression = lzss]
                  00000132    00000004     (__TI_handler_table)
                  00000136    00000002     --HOLE-- [fill = 0]
                  00000138    00000004     (__TI_cinit_table)

.reset     0    003fffc0    00000000     DSECT

.stack     1    00000400    00000100     UNINITIALIZED
                  00000400    00000100     --HOLE--

.init_array 
*          0    00000123    00000000     UNINITIALIZED

.const     1    0000a800    00000285     
                  0000a800    000000cc     tida01606_define.obj (.const:.string)
                  0000a8cc    000000b0     driverlib_eabi.lib : gpio.obj (.const:.string)
                  0000a97c    0000005a                        : sysctl.obj (.const:.string)
                  0000a9d6    00000057                        : adc.obj (.const:.string)
                  0000aa2d    00000001     --HOLE-- [fill = 0]
                  0000aa2e    00000044     empty_driverlib_main_cpu1.obj (.const:.string)
                  0000aa72    00000013     device.obj (.const:.string)

.data      1    0000aa86    00000010     UNINITIALIZED
                  0000aa86    00000006     device.obj (.data)
                  0000aa8c    00000006     rts2800_fpu32_eabi.lib : exit.c.obj (.data)
                  0000aa92    00000002                            : _lock.c.obj (.data:_lock)
                  0000aa94    00000002                            : _lock.c.obj (.data:_unlock)

.TI.ramfunc 
*          0    00000123    00000004     
                  00000123    00000004     driverlib_eabi.lib : sysctl.obj (.TI.ramfunc)

GETBUFFER 
*          0    0003f800    00000000     DSECT

GETWRITEIDX 
*          0    0003f800    00000000     DSECT

PUTREADIDX 
*          0    0003f800    00000000     DSECT

.text.1    0    00018000    00001000     
                  00018000    000008c3     tida01606_define.obj (.text)
                  000188c3    0000024f     device.obj (.text)
                  00018b12    0000021f     driverlib_eabi.lib : sysctl.obj (.text:SysCtl_setClock)
                  00018d31    000000bf     empty_driverlib_main_cpu1.obj (.text)
                  00018df0    000000b9     driverlib_eabi.lib : adc.obj (.text:ADC_setMode)
                  00018ea9    00000088     rts2800_fpu32_eabi.lib : fs_div28.asm.obj (.text)
                  00018f31    00000068     driverlib_eabi.lib : sysctl.obj (.text:SysCtl_getDeviceParametric)
                  00018f99    0000005e                        : sysctl.obj (.text:SysCtl_selectOscSource)
                  00018ff7    00000009                        : sysctl.obj (.text:SysCtl_serviceWatchdog)

.text.2    0    00019000    000002ea     
                  00019000    00000052     driverlib_eabi.lib : gpio.obj (.text:GPIO_setPadConfig)
                  00019052    00000051                        : sysctl.obj (.text:SysCtl_getClock)
                  000190a3    0000003d                        : interrupt.obj (.text:Interrupt_initModule)
                  000190e0    00000038                        : gpio.obj (.text:GPIO_setQualificationMode)
                  00019118    00000037                        : gpio.obj (.text:GPIO_setPinConfig)
                  0001914f    00000031                        : gpio.obj (.text:GPIO_setDirectionMode)
                  00019180    00000031     rts2800_fpu32_eabi.lib : copy_decompress_lzss.c.obj (.text:decompress:lzss)
                  000191b1    0000002b                            : autoinit.c.obj (.text:__TI_auto_init_nobinit_nopinit)
                  000191dc    00000029                            : exit.c.obj (.text)
                  00019205    00000020     driverlib_eabi.lib : interrupt.obj (.text:Interrupt_initVectorTable)
                  00019225    0000001f                        : adc.obj (.text:ADC_isBaseValid)
                  00019244    0000001d     rts2800_fpu32_eabi.lib : memcpy.c.obj (.text)
                  00019261    0000001a     driverlib_eabi.lib : sysctl.obj (.text:SysCtl_getLowSpeedClock)
                  0001927b    00000017     rts2800_fpu32_eabi.lib : boot28.asm.obj (.text)
                  00019292    0000000e     driverlib_eabi.lib : gpio.obj (.text:GPIO_isPinValid)
                  000192a0    0000000e                        : interrupt.obj (.text:Interrupt_defaultHandler)
                  000192ae    0000000d                        : interrupt.obj (.text:Interrupt_disableMaster)
                  000192bb    0000000c     rts2800_fpu32_eabi.lib : args_main.c.obj (.text)
                  000192c7    0000000b     driverlib_eabi.lib : sysctl.obj (.text:SysCtl_isMCDClockFailureDetected)
                  000192d2    00000009     rts2800_fpu32_eabi.lib : _lock.c.obj (.text)
                  000192db    00000008                            : copy_decompress_none.c.obj (.text:decompress:none)
                  000192e3    00000002     driverlib_eabi.lib : interrupt.obj (.text:Interrupt_illegalOperationHandler)
                  000192e5    00000002                        : interrupt.obj (.text:Interrupt_nmiHandler)
                  000192e7    00000002     rts2800_fpu32_eabi.lib : pre_init.c.obj (.text)
                  000192e9    00000001                            : startup.c.obj (.text)

MODULE SUMMARY

       Module                          code   ro data   rw data
       ------                          ----   -------   -------
    .\
       tida01606_define.obj            2243   204       0      
       empty_driverlib_main_cpu1.obj   191    68        0      
    +--+-------------------------------+------+---------+---------+
       Total:                          2434   272       0      
                                                               
    .\device\
       device.obj                      591    19        6      
       F2837xD_CodeStartBranch.obj     2      0         0      
    +--+-------------------------------+------+---------+---------+
       Total:                          593    19        6      
                                                               
    C:\ti\c2000\C2000Ware_3_01_00_00\driverlib\f2837xd\driverlib\ccs\Debug\driverlib_eabi.lib
       sysctl.obj                      872    90        0      
       gpio.obj                        256    176       0      
       adc.obj                         216    87        0      
       interrupt.obj                   124    0         0      
    +--+-------------------------------+------+---------+---------+
       Total:                          1468   353       0      
                                                               
    C:\ti\ccs1000\ccs\tools\compiler\ti-cgt-c2000_20.2.0.LTS\lib\rts2800_fpu32_eabi.lib
       fs_div28.asm.obj                136    0         0      
       copy_decompress_lzss.c.obj      49     0         0      
       exit.c.obj                      41     0         6      
       autoinit.c.obj                  43     0         0      
       memcpy.c.obj                    29     0         0      
       boot28.asm.obj                  23     0         0      
       _lock.c.obj                     9      0         4      
       args_main.c.obj                 12     0         0      
       copy_decompress_none.c.obj      8      0         0      
       pre_init.c.obj                  2      0         0      
       startup.c.obj                   1      0         0      
    +--+-------------------------------+------+---------+---------+
       Total:                          353    0         10     
                                                               
       Stack:                          0      0         256    
       Linker Generated:               0      18        0      
    +--+-------------------------------+------+---------+---------+
       Grand Total:                    4848   662       272    


LINKER GENERATED COPY TABLES

__TI_cinit_table @ 00000138 records: 1, size/record: 4, table size: 4
	.data: load addr=00000128, load size=0000000a bytes, run addr=0000aa86, run size=00000010 bytes, compression=lzss


LINKER GENERATED HANDLER TABLE

__TI_handler_table @ 00000132 records: 2, size/record: 2, table size: 4
	index: 0, handler: __TI_decompress_lzss
	index: 1, handler: __TI_decompress_none


GLOBAL DATA SYMBOLS: SORTED BY DATA PAGE

address     data page           name
--------    ----------------    ----
00000400      10 (00000400)     __stack

0000aa86     2aa (0000aa80)     Example_Result
0000aa88     2aa (0000aa80)     Example_PassCount
0000aa8a     2aa (0000aa80)     Example_Fail
0000aa8c     2aa (0000aa80)     __TI_enable_exit_profile_output
0000aa8e     2aa (0000aa80)     __TI_cleanup_ptr
0000aa90     2aa (0000aa80)     __TI_dtors_ptr
0000aa92     2aa (0000aa80)     _lock
0000aa94     2aa (0000aa80)     _unlock


GLOBAL SYMBOLS: SORTED ALPHABETICALLY BY Name 

page  address   name                                     
----  -------   ----                                     
0     00018df0  ADC_setMode                              
0     000191dc  C$$EXIT                                  
0     00018acf  Device_configureTMXAnalogTrim            
0     00018973  Device_enableAllPeripherals              
0     00018ab9  Device_enableUnbondedGPIOPullups         
0     00018a96  Device_enableUnbondedGPIOPullupsFor100Pin
0     00018a7f  Device_enableUnbondedGPIOPullupsFor176Pin
0     00018931  Device_init                              
0     00018a5e  Device_initGPIO                          
1     0000aa8a  Example_Fail                             
1     0000aa88  Example_PassCount                        
1     0000aa86  Example_Result                           
0     00018b11  Example_done                             
0     00018b0c  Example_setResultFail                    
0     00018b07  Example_setResultPass                    
0     0001914f  GPIO_setDirectionMode                    
0     00019000  GPIO_setPadConfig                        
0     00019118  GPIO_setPinConfig                        
0     000190e0  GPIO_setQualificationMode                
0     000190a3  Interrupt_initModule                     
0     00019205  Interrupt_initVectorTable                
0     00000123  SysCtl_delay                             
0     00019052  SysCtl_getClock                          
0     00018f31  SysCtl_getDeviceParametric               
0     00019261  SysCtl_getLowSpeedClock                  
0     00018f99  SysCtl_selectOscSource                   
0     00018b12  SysCtl_setClock                          
0     00000138  __TI_CINIT_Base                          
0     0000013c  __TI_CINIT_Limit                         
0     00000132  __TI_Handler_Table_Base                  
0     00000136  __TI_Handler_Table_Limit                 
1     00000500  __TI_STACK_END                           
abs   00000100  __TI_STACK_SIZE                          
0     000191b1  __TI_auto_init_nobinit_nopinit           
1     0000aa8e  __TI_cleanup_ptr                         
0     00019180  __TI_decompress_lzss                     
0     000192db  __TI_decompress_none                     
1     0000aa90  __TI_dtors_ptr                           
1     0000aa8c  __TI_enable_exit_profile_output          
abs   ffffffff  __TI_pprof_out_hndl                      
abs   ffffffff  __TI_prof_data_size                      
abs   ffffffff  __TI_prof_data_start                     
0     00018ea9  __c28xabi_divf                           
n/a   UNDEFED   __c_args__                               
0     00018b00  __error__                                
1     00000400  __stack                                  
0     000192bb  _args_main                               
0     0001927b  _c_int00                                 
1     0000aa92  _lock                                    
0     000192da  _nop                                     
0     000192d6  _register_lock                           
0     000192d2  _register_unlock                         
0     000192e9  _system_post_cinit                       
0     000192e7  _system_pre_init                         
1     0000aa94  _unlock                                  
0     000191dc  abort                                    
0     00000000  code_start                               
0     000191de  exit                                     
0     00018d96  main                                     
0     00019244  memcpy                                   
0     0001854f  tida016060_enable_disable_Relay          
0     000185af  tida01606_setupADC                       
0     0001843f  tida01606_setupGPIO                      
0     000186b5  tida01606_setupGateDrivePwm              
0     000187c8  tida01606_setupPhasePWM                  
0     00018720  tida01606_setupTINV6EPWM                 


GLOBAL SYMBOLS: SORTED BY Symbol Address 

page  address   name                                     
----  -------   ----                                     
0     00000000  code_start                               
0     00000123  SysCtl_delay                             
0     00000132  __TI_Handler_Table_Base                  
0     00000136  __TI_Handler_Table_Limit                 
0     00000138  __TI_CINIT_Base                          
0     0000013c  __TI_CINIT_Limit                         
0     0001843f  tida01606_setupGPIO                      
0     0001854f  tida016060_enable_disable_Relay          
0     000185af  tida01606_setupADC                       
0     000186b5  tida01606_setupGateDrivePwm              
0     00018720  tida01606_setupTINV6EPWM                 
0     000187c8  tida01606_setupPhasePWM                  
0     00018931  Device_init                              
0     00018973  Device_enableAllPeripherals              
0     00018a5e  Device_initGPIO                          
0     00018a7f  Device_enableUnbondedGPIOPullupsFor176Pin
0     00018a96  Device_enableUnbondedGPIOPullupsFor100Pin
0     00018ab9  Device_enableUnbondedGPIOPullups         
0     00018acf  Device_configureTMXAnalogTrim            
0     00018b00  __error__                                
0     00018b07  Example_setResultPass                    
0     00018b0c  Example_setResultFail                    
0     00018b11  Example_done                             
0     00018b12  SysCtl_setClock                          
0     00018d96  main                                     
0     00018df0  ADC_setMode                              
0     00018ea9  __c28xabi_divf                           
0     00018f31  SysCtl_getDeviceParametric               
0     00018f99  SysCtl_selectOscSource                   
0     00019000  GPIO_setPadConfig                        
0     00019052  SysCtl_getClock                          
0     000190a3  Interrupt_initModule                     
0     000190e0  GPIO_setQualificationMode                
0     00019118  GPIO_setPinConfig                        
0     0001914f  GPIO_setDirectionMode                    
0     00019180  __TI_decompress_lzss                     
0     000191b1  __TI_auto_init_nobinit_nopinit           
0     000191dc  C$$EXIT                                  
0     000191dc  abort                                    
0     000191de  exit                                     
0     00019205  Interrupt_initVectorTable                
0     00019244  memcpy                                   
0     00019261  SysCtl_getLowSpeedClock                  
0     0001927b  _c_int00                                 
0     000192bb  _args_main                               
0     000192d2  _register_unlock                         
0     000192d6  _register_lock                           
0     000192da  _nop                                     
0     000192db  __TI_decompress_none                     
0     000192e7  _system_pre_init                         
0     000192e9  _system_post_cinit                       
1     00000400  __stack                                  
1     00000500  __TI_STACK_END                           
1     0000aa86  Example_Result                           
1     0000aa88  Example_PassCount                        
1     0000aa8a  Example_Fail                             
1     0000aa8c  __TI_enable_exit_profile_output          
1     0000aa8e  __TI_cleanup_ptr                         
1     0000aa90  __TI_dtors_ptr                           
1     0000aa92  _lock                                    
1     0000aa94  _unlock                                  
abs   00000100  __TI_STACK_SIZE                          
abs   ffffffff  __TI_pprof_out_hndl                      
abs   ffffffff  __TI_prof_data_size                      
abs   ffffffff  __TI_prof_data_start                     
n/a   UNDEFED   __c_args__                               

[66 symbols]
