******************************************************************************
             TMS320C2000 Linker PC v20.2.0                     
******************************************************************************
>> Linked Wed Dec 23 20:34:33 2020

OUTPUT FILE NAME:   <empty_driverlib_project_cpu1.out>
ENTRY POINT SYMBOL: "code_start"  address: 00000000


MEMORY CONFIGURATION

         name            origin    length      used     unused   attr    fill
----------------------  --------  ---------  --------  --------  ----  --------
PAGE 0:
  BEGIN                 00000000   00000002  00000002  00000000  RWIX
  RAMM0                 00000123   000002dd  00000004  000002d9  RWIX
  RAMLS0                00008000   00000800  00000000  00000800  RWIX
  RAMLS1                00008800   00000800  00000000  00000800  RWIX
  RAMLS2                00009000   00000800  00000000  00000800  RWIX
  RAMLS3                00009800   00000800  00000000  00000800  RWIX
  RAMLS4                0000a000   00000800  00000000  00000800  RWIX
  RAMD0                 0000b000   00000800  00000000  00000800  RWIX
  RAMGS6                00012000   00001000  00000028  00000fd8  RWIX
  RAMGS7                00013000   00001000  00000000  00001000  RWIX
  RAMGS8_9_10_11_12_13  00014000   00006000  00002148  00003eb8  RWIX
  RAMGS14               0001a000   00001000  00000000  00001000  RWIX
  RAMGS15               0001b000   00000ff8  00000000  00000ff8  RWIX
  RESET                 003fffc0   00000002  00000000  00000002  RWIX

PAGE 1:
  BOOT_RSVD             00000002   00000121  00000000  00000121  RWIX
  RAMM1                 00000400   000003f8  00000100  000002f8  RWIX
  RAMLS5                0000a800   00000800  0000003e  000007c2  RWIX
  RAMD1                 0000b800   00000800  00000000  00000800  RWIX
  RAMGS0                0000c000   00001000  00000000  00001000  RWIX
  RAMGS1                0000d000   00001000  00000000  00001000  RWIX
  RAMGS2                0000e000   00001000  00000000  00001000  RWIX
  RAMGS3                0000f000   00001000  00000000  00001000  RWIX
  RAMGS4_5              00010000   00002000  00001352  00000cae  RWIX
  CPU2TOCPU1RAM         0003f800   00000400  00000000  00000400  RWIX
  CPU1TOCPU2RAM         0003fc00   00000400  00000000  00000400  RWIX
  CANA_MSG_RAM          00049000   00000800  00000000  00000800  RWIX
  CANB_MSG_RAM          0004b000   00000800  00000000  00000800  RWIX


SECTION ALLOCATION MAP

 output                                  attributes/
section   page    origin      length       input sections
--------  ----  ----------  ----------   ----------------
codestart 
*          0    00000000    00000002     
                  00000000    00000002     F2837xD_CodeStartBranch.obj (codestart)

.cinit     0    00012000    00000028     
                  00012000    00000015     (.cinit..data.load) [load image, compression = lzss]
                  00012015    00000001     --HOLE-- [fill = 0]
                  00012016    00000006     (__TI_handler_table)
                  0001201c    00000004     (.cinit..bss.load) [load image, compression = zero_init]
                  00012020    00000008     (__TI_cinit_table)

.text      0    00014000    00002148     
                  00014000    00000bee     svm_gen.obj (.text)
                  00014bee    00000997     tida01606_define.obj (.text)
                  00015585    00000299     device.obj (.text)
                  0001581e    0000021f     driverlib_eabi.lib : sysctl.obj (.text:SysCtl_setClock)
                  00015a3d    00000116     empty_driverlib_main_cpu1.obj (.text)
                  00015b53    000000b9     driverlib_eabi.lib : adc.obj (.text:ADC_setMode)
                  00015c0c    000000ad     empty_driverlib_main_cpu1.obj (.text:retain)
                  00015cb9    00000088     rts2800_fpu32_eabi.lib : fs_div28.asm.obj (.text)
                  00015d41    00000068     driverlib_eabi.lib : sysctl.obj (.text:SysCtl_getDeviceParametric)
                  00015da9    0000005e                        : sysctl.obj (.text:SysCtl_selectOscSource)
                  00015e07    00000052                        : gpio.obj (.text:GPIO_setPadConfig)
                  00015e59    00000051                        : sysctl.obj (.text:SysCtl_getClock)
                  00015eaa    0000003d                        : interrupt.obj (.text:Interrupt_initModule)
                  00015ee7    00000038                        : gpio.obj (.text:GPIO_setQualificationMode)
                  00015f1f    00000037                        : gpio.obj (.text:GPIO_setPinConfig)
                  00015f56    00000034                        : interrupt.obj (.text:Interrupt_enable)
                  00015f8a    00000031                        : gpio.obj (.text:GPIO_setDirectionMode)
                  00015fbb    00000031     rts2800_fpu32_eabi.lib : copy_decompress_lzss.c.obj (.text:decompress:lzss)
                  00015fec    0000002b                            : autoinit.c.obj (.text:__TI_auto_init_nobinit_nopinit)
                  00016017    00000029                            : exit.c.obj (.text)
                  00016040    00000020     driverlib_eabi.lib : interrupt.obj (.text:Interrupt_initVectorTable)
                  00016060    0000001f                        : adc.obj (.text:ADC_isBaseValid)
                  0001607f    0000001d     rts2800_fpu32_eabi.lib : memcpy.c.obj (.text)
                  0001609c    0000001a     driverlib_eabi.lib : sysctl.obj (.text:SysCtl_getLowSpeedClock)
                  000160b6    00000017     rts2800_fpu32_eabi.lib : boot28.asm.obj (.text)
                  000160cd    0000000e     driverlib_eabi.lib : gpio.obj (.text:GPIO_isPinValid)
                  000160db    0000000e                        : interrupt.obj (.text:Interrupt_defaultHandler)
                  000160e9    0000000d                        : interrupt.obj (.text:Interrupt_disableMaster)
                  000160f6    0000000d                        : interrupt.obj (.text:Interrupt_enableMaster)
                  00016103    0000000d     rts2800_fpu32_eabi.lib : copy_zero_init.c.obj (.text:decompress:ZI:__TI_zero_init_nomemset)
                  00016110    0000000c                            : args_main.c.obj (.text)
                  0001611c    0000000b     driverlib_eabi.lib : sysctl.obj (.text:SysCtl_isMCDClockFailureDetected)
                  00016127    00000009                        : sysctl.obj (.text:SysCtl_serviceWatchdog)
                  00016130    00000009     rts2800_fpu32_eabi.lib : _lock.c.obj (.text)
                  00016139    00000008                            : copy_decompress_none.c.obj (.text:decompress:none)
                  00016141    00000002     driverlib_eabi.lib : interrupt.obj (.text:Interrupt_illegalOperationHandler)
                  00016143    00000002                        : interrupt.obj (.text:Interrupt_nmiHandler)
                  00016145    00000002     rts2800_fpu32_eabi.lib : pre_init.c.obj (.text)
                  00016147    00000001                            : startup.c.obj (.text)

.reset     0    003fffc0    00000000     DSECT

.stack     1    00000400    00000100     UNINITIALIZED
                  00000400    00000100     --HOLE--

.bss       1    0000a800    00000024     UNINITIALIZED
                  0000a800    00000024     empty_driverlib_main_cpu1.obj (.bss)

.init_array 
*          0    00000123    00000000     UNINITIALIZED

.data      1    0000a824    0000001a     UNINITIALIZED
                  0000a824    0000000a     empty_driverlib_main_cpu1.obj (.data)
                  0000a82e    00000006     device.obj (.data)
                  0000a834    00000006     rts2800_fpu32_eabi.lib : exit.c.obj (.data)
                  0000a83a    00000002                            : _lock.c.obj (.data:_lock)
                  0000a83c    00000002                            : _lock.c.obj (.data:_unlock)

.const     1    00010000    00001352     
                  00010000    00001000     empty_driverlib_main_cpu1.obj (.const:sin_tab)
                  00011000    000000cc     tida01606_define.obj (.const:.string)
                  000110cc    000000b0     driverlib_eabi.lib : gpio.obj (.const:.string)
                  0001117c    00000088     empty_driverlib_main_cpu1.obj (.const:.string)
                  00011204    0000005a     driverlib_eabi.lib : sysctl.obj (.const:.string)
                  0001125e    00000057     device.obj (.const:.string)
                  000112b5    00000001     --HOLE-- [fill = 0]
                  000112b6    00000057     driverlib_eabi.lib : adc.obj (.const:.string)
                  0001130d    00000001     --HOLE-- [fill = 0]
                  0001130e    00000044     svm_gen.obj (.const:.string)

.TI.ramfunc 
*          0    00000123    00000004     
                  00000123    00000004     driverlib_eabi.lib : sysctl.obj (.TI.ramfunc)

GETBUFFER 
*          0    0003f800    00000000     DSECT

GETWRITEIDX 
*          0    0003f800    00000000     DSECT

PUTREADIDX 
*          0    0003f800    00000000     DSECT

MODULE SUMMARY

       Module                          code   ro data   rw data
       ------                          ----   -------   -------
    .\
       empty_driverlib_main_cpu1.obj   451    4232      46     
       svm_gen.obj                     3054   68        0      
       tida01606_define.obj            2455   204       0      
    +--+-------------------------------+------+---------+---------+
       Total:                          5960   4504      46     
                                                               
    .\device\
       device.obj                      665    87        6      
       F2837xD_CodeStartBranch.obj     2      0         0      
    +--+-------------------------------+------+---------+---------+
       Total:                          667    87        6      
                                                               
    C:/ti/ccs1000/ccs/tools/compiler/ti-cgt-c2000_20.2.0.LTS/lib/rts2800_fpu32_eabi.lib
       fs_div28.asm.obj                136    0         0      
       copy_decompress_lzss.c.obj      49     0         0      
       exit.c.obj                      41     0         6      
       autoinit.c.obj                  43     0         0      
       memcpy.c.obj                    29     0         0      
       boot28.asm.obj                  23     0         0      
       _lock.c.obj                     9      0         4      
       copy_zero_init.c.obj            13     0         0      
       args_main.c.obj                 12     0         0      
       copy_decompress_none.c.obj      8      0         0      
       pre_init.c.obj                  2      0         0      
       startup.c.obj                   1      0         0      
    +--+-------------------------------+------+---------+---------+
       Total:                          366    0         10     
                                                               
    C:\ti\c2000\C2000Ware_3_01_00_00\driverlib\f2837xd\driverlib\ccs\Debug\driverlib_eabi.lib
       sysctl.obj                      872    90        0      
       gpio.obj                        256    176       0      
       adc.obj                         216    87        0      
       interrupt.obj                   189    0         0      
    +--+-------------------------------+------+---------+---------+
       Total:                          1533   353       0      
                                                               
       Stack:                          0      0         256    
       Linker Generated:               0      39        0      
    +--+-------------------------------+------+---------+---------+
       Grand Total:                    8526   4983      318    


LINKER GENERATED COPY TABLES

__TI_cinit_table @ 00012020 records: 2, size/record: 4, table size: 8
	.data: load addr=00012000, load size=00000015 bytes, run addr=0000a824, run size=0000001a bytes, compression=lzss
	.bss: load addr=0001201c, load size=00000004 bytes, run addr=0000a800, run size=00000024 bytes, compression=zero_init


LINKER GENERATED HANDLER TABLE

__TI_handler_table @ 00012016 records: 3, size/record: 2, table size: 6
	index: 0, handler: __TI_zero_init
	index: 1, handler: __TI_decompress_lzss
	index: 2, handler: __TI_decompress_none


GLOBAL DATA SYMBOLS: SORTED BY DATA PAGE

address     data page           name
--------    ----------------    ----
00000400      10 (00000400)     __stack

0000a800     2a0 (0000a800)     duty
0000a801     2a0 (0000a800)     counter1
0000a802     2a0 (0000a800)     counter2
0000a803     2a0 (0000a800)     current_sector
0000a806     2a0 (0000a800)     input
0000a80c     2a0 (0000a800)     time_vector
0000a812     2a0 (0000a800)     epwm_counter
0000a818     2a0 (0000a800)     time_vector_out
0000a824     2a0 (0000a800)     pinput
0000a826     2a0 (0000a800)     psector
0000a828     2a0 (0000a800)     ptime_v
0000a82a     2a0 (0000a800)     ptime_out
0000a82c     2a0 (0000a800)     pepwm_count
0000a82e     2a0 (0000a800)     Example_Result
0000a830     2a0 (0000a800)     Example_PassCount
0000a832     2a0 (0000a800)     Example_Fail
0000a834     2a0 (0000a800)     __TI_enable_exit_profile_output
0000a836     2a0 (0000a800)     __TI_cleanup_ptr
0000a838     2a0 (0000a800)     __TI_dtors_ptr
0000a83a     2a0 (0000a800)     _lock
0000a83c     2a0 (0000a800)     _unlock

00010000     400 (00010000)     sin_tab


GLOBAL SYMBOLS: SORTED ALPHABETICALLY BY Name 

page  address   name                                     
----  -------   ----                                     
0     00015b53  ADC_setMode                              
0     00014b25  Assign_ePWM_counter                      
0     00016017  C$$EXIT                                  
0     000144f6  Calculate_time_out                       
0     000141ff  Calculate_time_vector                    
0     000157db  Device_configureTMXAnalogTrim            
0     0001566b  Device_enableAllPeripherals              
0     000157c5  Device_enableUnbondedGPIOPullups         
0     000157a2  Device_enableUnbondedGPIOPullupsFor100Pin
0     0001578b  Device_enableUnbondedGPIOPullupsFor176Pin
0     00015629  Device_init                              
0     00015756  Device_initGPIO                          
1     0000a832  Example_Fail                             
1     0000a830  Example_PassCount                        
1     0000a82e  Example_Result                           
0     0001581d  Example_done                             
0     00015818  Example_setResultFail                    
0     00015813  Example_setResultPass                    
0     00015f8a  GPIO_setDirectionMode                    
0     00015e07  GPIO_setPadConfig                        
0     00015f1f  GPIO_setPinConfig                        
0     00015ee7  GPIO_setQualificationMode                
0     00015f56  Interrupt_enable                         
0     00015eaa  Interrupt_initModule                     
0     00016040  Interrupt_initVectorTable                
0     00014094  Seclect_sector_subsector                 
0     00000123  SysCtl_delay                             
0     00015e59  SysCtl_getClock                          
0     00015d41  SysCtl_getDeviceParametric               
0     0001609c  SysCtl_getLowSpeedClock                  
0     00015da9  SysCtl_selectOscSource                   
0     0001581e  SysCtl_setClock                          
0     00012020  __TI_CINIT_Base                          
0     00012028  __TI_CINIT_Limit                         
0     00012016  __TI_Handler_Table_Base                  
0     0001201c  __TI_Handler_Table_Limit                 
1     00000500  __TI_STACK_END                           
abs   00000100  __TI_STACK_SIZE                          
0     00015fec  __TI_auto_init_nobinit_nopinit           
1     0000a836  __TI_cleanup_ptr                         
0     00015fbb  __TI_decompress_lzss                     
0     00016139  __TI_decompress_none                     
1     0000a838  __TI_dtors_ptr                           
1     0000a834  __TI_enable_exit_profile_output          
abs   ffffffff  __TI_pprof_out_hndl                      
abs   ffffffff  __TI_prof_data_size                      
abs   ffffffff  __TI_prof_data_start                     
0     00016103  __TI_zero_init_nomemset                  
0     00015cb9  __c28xabi_divf                           
n/a   UNDEFED   __c_args__                               
0     0001580c  __error__                                
1     00000400  __stack                                  
0     00016110  _args_main                               
0     000160b6  _c_int00                                 
1     0000a83a  _lock                                    
0     00016138  _nop                                     
0     00016134  _register_lock                           
0     00016130  _register_unlock                         
0     00016147  _system_post_cinit                       
0     00016145  _system_pre_init                         
1     0000a83c  _unlock                                  
0     00016017  abort                                    
0     00000000  code_start                               
1     0000a801  counter1                                 
1     0000a802  counter2                                 
1     0000a803  current_sector                           
1     0000a800  duty                                     
0     00015c0c  epwmQ1ISR                                
1     0000a812  epwm_counter                             
0     00016019  exit                                     
1     0000a806  input                                    
0     00015b0a  main                                     
0     0001607f  memcpy                                   
1     0000a82c  pepwm_count                              
1     0000a824  pinput                                   
1     0000a826  psector                                  
1     0000a82a  ptime_out                                
1     0000a828  ptime_v                                  
1     00010000  sin_tab                                  
0     0001406b  svm_gen                                  
0     000151f7  tida016060_enable_disable_Relay          
0     00015257  tida01606_setupADC                       
0     000150e7  tida01606_setupGPIO                      
0     0001535d  tida01606_setupGateDrivePwm              
0     00015481  tida01606_setupPhasePWM                  
0     000153c8  tida01606_setupTINV6EPWM                 
1     0000a80c  time_vector                              
1     0000a818  time_vector_out                          


GLOBAL SYMBOLS: SORTED BY Symbol Address 

page  address   name                                     
----  -------   ----                                     
0     00000000  code_start                               
0     00000123  SysCtl_delay                             
0     00012016  __TI_Handler_Table_Base                  
0     0001201c  __TI_Handler_Table_Limit                 
0     00012020  __TI_CINIT_Base                          
0     00012028  __TI_CINIT_Limit                         
0     0001406b  svm_gen                                  
0     00014094  Seclect_sector_subsector                 
0     000141ff  Calculate_time_vector                    
0     000144f6  Calculate_time_out                       
0     00014b25  Assign_ePWM_counter                      
0     000150e7  tida01606_setupGPIO                      
0     000151f7  tida016060_enable_disable_Relay          
0     00015257  tida01606_setupADC                       
0     0001535d  tida01606_setupGateDrivePwm              
0     000153c8  tida01606_setupTINV6EPWM                 
0     00015481  tida01606_setupPhasePWM                  
0     00015629  Device_init                              
0     0001566b  Device_enableAllPeripherals              
0     00015756  Device_initGPIO                          
0     0001578b  Device_enableUnbondedGPIOPullupsFor176Pin
0     000157a2  Device_enableUnbondedGPIOPullupsFor100Pin
0     000157c5  Device_enableUnbondedGPIOPullups         
0     000157db  Device_configureTMXAnalogTrim            
0     0001580c  __error__                                
0     00015813  Example_setResultPass                    
0     00015818  Example_setResultFail                    
0     0001581d  Example_done                             
0     0001581e  SysCtl_setClock                          
0     00015b0a  main                                     
0     00015b53  ADC_setMode                              
0     00015c0c  epwmQ1ISR                                
0     00015cb9  __c28xabi_divf                           
0     00015d41  SysCtl_getDeviceParametric               
0     00015da9  SysCtl_selectOscSource                   
0     00015e07  GPIO_setPadConfig                        
0     00015e59  SysCtl_getClock                          
0     00015eaa  Interrupt_initModule                     
0     00015ee7  GPIO_setQualificationMode                
0     00015f1f  GPIO_setPinConfig                        
0     00015f56  Interrupt_enable                         
0     00015f8a  GPIO_setDirectionMode                    
0     00015fbb  __TI_decompress_lzss                     
0     00015fec  __TI_auto_init_nobinit_nopinit           
0     00016017  C$$EXIT                                  
0     00016017  abort                                    
0     00016019  exit                                     
0     00016040  Interrupt_initVectorTable                
0     0001607f  memcpy                                   
0     0001609c  SysCtl_getLowSpeedClock                  
0     000160b6  _c_int00                                 
0     00016103  __TI_zero_init_nomemset                  
0     00016110  _args_main                               
0     00016130  _register_unlock                         
0     00016134  _register_lock                           
0     00016138  _nop                                     
0     00016139  __TI_decompress_none                     
0     00016145  _system_pre_init                         
0     00016147  _system_post_cinit                       
1     00000400  __stack                                  
1     00000500  __TI_STACK_END                           
1     0000a800  duty                                     
1     0000a801  counter1                                 
1     0000a802  counter2                                 
1     0000a803  current_sector                           
1     0000a806  input                                    
1     0000a80c  time_vector                              
1     0000a812  epwm_counter                             
1     0000a818  time_vector_out                          
1     0000a824  pinput                                   
1     0000a826  psector                                  
1     0000a828  ptime_v                                  
1     0000a82a  ptime_out                                
1     0000a82c  pepwm_count                              
1     0000a82e  Example_Result                           
1     0000a830  Example_PassCount                        
1     0000a832  Example_Fail                             
1     0000a834  __TI_enable_exit_profile_output          
1     0000a836  __TI_cleanup_ptr                         
1     0000a838  __TI_dtors_ptr                           
1     0000a83a  _lock                                    
1     0000a83c  _unlock                                  
1     00010000  sin_tab                                  
abs   00000100  __TI_STACK_SIZE                          
abs   ffffffff  __TI_pprof_out_hndl                      
abs   ffffffff  __TI_prof_data_size                      
abs   ffffffff  __TI_prof_data_start                     
n/a   UNDEFED   __c_args__                               

[88 symbols]
