******************************************************************************
             TMS320C2000 Linker PC v20.2.0                     
******************************************************************************
>> Linked Tue Dec 29 11:29:19 2020

OUTPUT FILE NAME:   <empty_driverlib_project_cpu1.out>
ENTRY POINT SYMBOL: "code_start"  address: 00000000


MEMORY CONFIGURATION

         name            origin    length      used     unused   attr    fill
----------------------  --------  ---------  --------  --------  ----  --------
PAGE 0:
  BEGIN                 00000000   00000002  00000002  00000000  RWIX
  RAMM0                 00000123   000002dd  00000046  00000297  RWIX
  RAMLS4_5              0000a000   00001000  00000040  00000fc0  RWIX
  RAMD0                 0000b000   00000800  00000000  00000800  RWIX
  RAMD1                 0000b800   00000800  00000000  00000800  RWIX
  RAMGS8_9_10_11_12_13  00014000   00006000  000021ee  00003e12  RWIX
  RAMGS14               0001a000   00001000  00000000  00001000  RWIX
  RAMGS15               0001b000   00000ff8  00000000  00000ff8  RWIX
  RESET                 003fffc0   00000002  00000000  00000002  RWIX

PAGE 1:
  BOOT_RSVD             00000002   00000121  00000000  00000121  RWIX
  RAMM1                 00000400   000003f8  00000100  000002f8  RWIX
  CLA1_MSGRAMLOW        00001480   00000080  00000000  00000080  RWIX
  CLA1_MSGRAMHIGH       00001500   00000080  00000000  00000080  RWIX
  EMIF2_CS2n            00002000   00001000  00000000  00001000  RWIX
  RAMLS0                00008000   00000800  00000000  00000800  RWIX
  RAMLS1                00008800   00000800  00000000  00000800  RWIX
  RAMLS2                00009000   00000800  0000004c  000007b4  RWIX
  RAMLS3                00009800   00000800  0000001a  000007e6  RWIX
  RAMGS0                0000c000   00001000  00000000  00001000  RWIX
  RAMGS1                0000d000   00001000  00000000  00001000  RWIX
  RAMGS2                0000e000   00001000  00000000  00001000  RWIX
  RAMGS3                0000f000   00001000  00000000  00001000  RWIX
  RAMGS4                00010000   00001000  00000000  00001000  RWIX
  RAMGS5                00011000   00001000  00000000  00001000  RWIX
  RAMGS6_7              00012000   00002000  00001559  00000aa7  RWIX
  CANA_MSG_RAM          00049000   00000800  00000000  00000800  RWIX
  CANB_MSG_RAM          0004b000   00000800  00000000  00000800  RWIX
  EMIF1_CS2n            00100000   00200000  00000000  00200000  RWIX
  EMIF1_CS3n            00300000   00080000  00000000  00080000  RWIX
  EMIF1_CS4n            00380000   00060000  00000000  00060000  RWIX
  EMIF1_CS0n            80000000   10000000  00000000  10000000  RWIX
  EMIF2_CS0n            90000000   10000000  00000000  10000000  RWIX


SECTION ALLOCATION MAP

 output                                  attributes/
section   page    origin      length       input sections
--------  ----  ----------  ----------   ----------------
codestart 
*          0    00000000    00000002     
                  00000000    00000002     F2837xD_CodeStartBranch.obj (codestart)

.switch    0    00000124    0000001a     
                  00000124    0000001a     empty_driverlib_main_cpu1.obj (.switch:epwmQ1ISR)

.cinit     0    00000144    00000028     
                  00000144    00000015     (.cinit..data.load) [load image, compression = lzss]
                  00000159    00000001     --HOLE-- [fill = 0]
                  0000015a    00000006     (__TI_handler_table)
                  00000160    00000004     (.cinit..bss.load) [load image, compression = zero_init]
                  00000164    00000008     (__TI_cinit_table)

.text      0    00014000    000021ee     
                  00014000    0000103c     tida01606_define.obj (.text)
                  0001503c    00000299     device.obj (.text)
                  000152d5    00000277     empty_driverlib_main_cpu1.obj (.text:retain)
                  0001554c    0000021f     driverlib_eabi.lib : sysctl.obj (.text:SysCtl_setClock)
                  0001576b    000001d0     empty_driverlib_main_cpu1.obj (.text)
                  0001593b    00000184     interrupt_ISR.obj (.text:retain)
                  00015abf    000000b9     driverlib_eabi.lib : adc.obj (.text:ADC_setMode)
                  00015b78    00000092                        : memcfg.obj (.text:MemCfg_getInitStatus)
                  00015c0a    00000088     rts2800_fpu32_eabi.lib : fs_div28.asm.obj (.text)
                  00015c92    00000078     driverlib_eabi.lib : memcfg.obj (.text:MemCfg_initSections)
                  00015d0a    00000068                        : sysctl.obj (.text:SysCtl_getDeviceParametric)
                  00015d72    0000005e                        : sysctl.obj (.text:SysCtl_selectOscSource)
                  00015dd0    00000057                        : dac.obj (.text:DAC_tuneOffsetTrim)
                  00015e27    00000052                        : gpio.obj (.text:GPIO_setPadConfig)
                  00015e79    00000051                        : sysctl.obj (.text:SysCtl_getClock)
                  00015eca    0000003d                        : interrupt.obj (.text:Interrupt_initModule)
                  00015f07    00000038                        : gpio.obj (.text:GPIO_setQualificationMode)
                  00015f3f    00000038                        : memcfg.obj (.text:MemCfg_setLSRAMMasterSel)
                  00015f77    00000037                        : gpio.obj (.text:GPIO_setPinConfig)
                  00015fae    00000034                        : interrupt.obj (.text:Interrupt_enable)
                  00015fe2    00000031                        : gpio.obj (.text:GPIO_setDirectionMode)
                  00016013    00000031     rts2800_fpu32_eabi.lib : copy_decompress_lzss.c.obj (.text:decompress:lzss)
                  00016044    0000002e     driverlib_eabi.lib : xbar.obj (.text:XBAR_setOutputMuxConfig)
                  00016072    0000002b     rts2800_fpu32_eabi.lib : autoinit.c.obj (.text:__TI_auto_init_nobinit_nopinit)
                  0001609d    00000029                            : exit.c.obj (.text)
                  000160c6    00000020     driverlib_eabi.lib : interrupt.obj (.text:Interrupt_initVectorTable)
                  000160e6    0000001f                        : adc.obj (.text:ADC_isBaseValid)
                  00016105    0000001d     rts2800_fpu32_eabi.lib : memcpy.c.obj (.text)
                  00016122    0000001a     driverlib_eabi.lib : dac.obj (.text:DAC_isBaseValid)
                  0001613c    0000001a                        : sysctl.obj (.text:SysCtl_getLowSpeedClock)
                  00016156    00000017     rts2800_fpu32_eabi.lib : boot28.asm.obj (.text)
                  0001616d    0000000e     driverlib_eabi.lib : gpio.obj (.text:GPIO_isPinValid)
                  0001617b    0000000e                        : interrupt.obj (.text:Interrupt_defaultHandler)
                  00016189    0000000d                        : interrupt.obj (.text:Interrupt_disableMaster)
                  00016196    0000000d                        : interrupt.obj (.text:Interrupt_enableMaster)
                  000161a3    0000000d     rts2800_fpu32_eabi.lib : copy_zero_init.c.obj (.text:decompress:ZI:__TI_zero_init_nomemset)
                  000161b0    0000000c                            : args_main.c.obj (.text)
                  000161bc    0000000b     driverlib_eabi.lib : sysctl.obj (.text:SysCtl_isMCDClockFailureDetected)
                  000161c7    00000009                        : sysctl.obj (.text:SysCtl_serviceWatchdog)
                  000161d0    00000009     rts2800_fpu32_eabi.lib : _lock.c.obj (.text)
                  000161d9    00000008                            : copy_decompress_none.c.obj (.text:decompress:none)
                  000161e1    00000006     interrupt_ISR.obj (.text)
                  000161e7    00000002     driverlib_eabi.lib : interrupt.obj (.text:Interrupt_illegalOperationHandler)
                  000161e9    00000002                        : interrupt.obj (.text:Interrupt_nmiHandler)
                  000161eb    00000002     rts2800_fpu32_eabi.lib : pre_init.c.obj (.text)
                  000161ed    00000001                            : startup.c.obj (.text)

.reset     0    003fffc0    00000000     DSECT

.stack     1    00000400    00000100     UNINITIALIZED
                  00000400    00000100     --HOLE--

.bss       1    00009000    0000004c     UNINITIALIZED
                  00009000    0000004c     empty_driverlib_main_cpu1.obj (.bss)

.init_array 
*          0    00000123    00000000     UNINITIALIZED

.data      1    00009800    0000001a     UNINITIALIZED
                  00009800    0000000a     empty_driverlib_main_cpu1.obj (.data)
                  0000980a    00000006     device.obj (.data)
                  00009810    00000006     rts2800_fpu32_eabi.lib : exit.c.obj (.data)
                  00009816    00000002                            : _lock.c.obj (.data:_lock)
                  00009818    00000002                            : _lock.c.obj (.data:_unlock)

.const     1    00012000    00001559     
                  00012000    00001000     empty_driverlib_main_cpu1.obj (.const:sin_tab)
                  00013000    000001de     tida01606_define.obj (.const:.string)
                  000131de    00000110     empty_driverlib_main_cpu1.obj (.const:.string)
                  000132ee    000000b0     driverlib_eabi.lib : gpio.obj (.const:.string)
                  0001339e    0000005a                        : memcfg.obj (.const:.string)
                  000133f8    0000005a                        : sysctl.obj (.const:.string)
                  00013452    00000057     device.obj (.const:.string)
                  000134a9    00000001     --HOLE-- [fill = 0]
                  000134aa    00000057     driverlib_eabi.lib : adc.obj (.const:.string)
                  00013501    00000001     --HOLE-- [fill = 0]
                  00013502    00000057                        : dac.obj (.const:.string)

Cla1Prog   0    0000a000    00000040     
                  0000a000    00000008     tida_01606_cla.obj (Cla1Prog:Cla1Task1)
                  0000a008    00000008     tida_01606_cla.obj (Cla1Prog:Cla1Task2)
                  0000a010    00000008     tida_01606_cla.obj (Cla1Prog:Cla1Task3)
                  0000a018    00000008     tida_01606_cla.obj (Cla1Prog:Cla1Task4)
                  0000a020    00000008     tida_01606_cla.obj (Cla1Prog:Cla1Task5)
                  0000a028    00000008     tida_01606_cla.obj (Cla1Prog:Cla1Task6)
                  0000a030    00000008     tida_01606_cla.obj (Cla1Prog:Cla1Task7)
                  0000a038    00000008     tida_01606_cla.obj (Cla1Prog:Cla1Task8)

.TI.ramfunc 
*          0    0000013e    00000004     
                  0000013e    00000004     driverlib_eabi.lib : sysctl.obj (.TI.ramfunc)

MODULE SUMMARY

       Module                          code   ro data   rw data
       ------                          ----   -------   -------
    .\
       empty_driverlib_main_cpu1.obj   1095   4394      86     
       tida01606_define.obj            4156   478       0      
       interrupt_ISR.obj               394    0         0      
       tida_01606_cla.obj              64     0         0      
    +--+-------------------------------+------+---------+---------+
       Total:                          5709   4872      86     
                                                               
    .\device\
       device.obj                      665    87        6      
       F2837xD_CodeStartBranch.obj     2      0         0      
    +--+-------------------------------+------+---------+---------+
       Total:                          667    87        6      
                                                               
    C:/ti/ccs1000/ccs/tools/compiler/ti-cgt-c2000_20.2.0.LTS/lib/rts2800_fpu32_eabi.lib
       fs_div28.asm.obj                136    0         0      
       copy_decompress_lzss.c.obj      49     0         0      
       exit.c.obj                      41     0         6      
       autoinit.c.obj                  43     0         0      
       memcpy.c.obj                    29     0         0      
       boot28.asm.obj                  23     0         0      
       _lock.c.obj                     9      0         4      
       copy_zero_init.c.obj            13     0         0      
       args_main.c.obj                 12     0         0      
       copy_decompress_none.c.obj      8      0         0      
       pre_init.c.obj                  2      0         0      
       startup.c.obj                   1      0         0      
    +--+-------------------------------+------+---------+---------+
       Total:                          366    0         10     
                                                               
    C:\ti\c2000\C2000Ware_3_01_00_00\driverlib\f2837xd\driverlib\ccs\Debug\driverlib_eabi.lib
       sysctl.obj                      872    90        0      
       gpio.obj                        256    176       0      
       memcfg.obj                      322    90        0      
       adc.obj                         216    87        0      
       dac.obj                         113    87        0      
       interrupt.obj                   189    0         0      
       xbar.obj                        46     0         0      
    +--+-------------------------------+------+---------+---------+
       Total:                          2014   530       0      
                                                               
       Stack:                          0      0         256    
       Linker Generated:               0      39        0      
    +--+-------------------------------+------+---------+---------+
       Grand Total:                    8756   5528      358    


LINKER GENERATED COPY TABLES

__TI_cinit_table @ 00000164 records: 2, size/record: 4, table size: 8
	.data: load addr=00000144, load size=00000015 bytes, run addr=00009800, run size=0000001a bytes, compression=lzss
	.bss: load addr=00000160, load size=00000004 bytes, run addr=00009000, run size=0000004c bytes, compression=zero_init


LINKER GENERATED HANDLER TABLE

__TI_handler_table @ 0000015a records: 3, size/record: 2, table size: 6
	index: 0, handler: __TI_zero_init
	index: 1, handler: __TI_decompress_lzss
	index: 2, handler: __TI_decompress_none


GLOBAL DATA SYMBOLS: SORTED BY DATA PAGE

address     data page           name
--------    ----------------    ----
00000400      10 (00000400)     __stack

00009000     240 (00009000)     stt
00009001     240 (00009000)     counter1
00009002     240 (00009000)     counter2
00009004     240 (00009000)     biendo
00009006     240 (00009000)     dc
00009008     240 (00009000)     adcA1
0000900a     240 (00009000)     adcA2
0000900c     240 (00009000)     adcA3
0000900e     240 (00009000)     adcB1
00009010     240 (00009000)     adcB2
00009012     240 (00009000)     adcB3
00009014     240 (00009000)     adcB4
00009016     240 (00009000)     adcC1
00009018     240 (00009000)     adcC2
0000901a     240 (00009000)     adcC3
0000901c     240 (00009000)     adcD1
0000901e     240 (00009000)     adcD2
00009020     240 (00009000)     adcD3
00009022     240 (00009000)     current_sector
00009024     240 (00009000)     input
0000902a     240 (00009000)     time_vector
00009030     240 (00009000)     epwm_counter

00009040     241 (00009040)     time_vector_out

00009800     260 (00009800)     pinput
00009802     260 (00009800)     psector
00009804     260 (00009800)     ptime_v
00009806     260 (00009800)     ptime_out
00009808     260 (00009800)     pepwm_count
0000980a     260 (00009800)     Example_Result
0000980c     260 (00009800)     Example_PassCount
0000980e     260 (00009800)     Example_Fail
00009810     260 (00009800)     __TI_enable_exit_profile_output
00009812     260 (00009800)     __TI_cleanup_ptr
00009814     260 (00009800)     __TI_dtors_ptr
00009816     260 (00009800)     _lock
00009818     260 (00009800)     _unlock

00012000     480 (00012000)     sin_tab


GLOBAL SYMBOLS: SORTED ALPHABETICALLY BY Name 

page  address   name                                     
----  -------   ----                                     
0     00015abf  ADC_setMode                              
0     0001609d  C$$EXIT                                  
0     00014d78  CLA_confiClaMemory                       
0     00014dc3  CLA_initCpu1Cla1                         
0     0000a000  Cla1Task1                                
0     0000a008  Cla1Task2                                
0     0000a010  Cla1Task3                                
0     0000a018  Cla1Task4                                
0     0000a020  Cla1Task5                                
0     0000a028  Cla1Task6                                
0     0000a030  Cla1Task7                                
0     0000a038  Cla1Task8                                
0     00015dd0  DAC_tuneOffsetTrim                       
0     00015292  Device_configureTMXAnalogTrim            
0     00015122  Device_enableAllPeripherals              
0     0001527c  Device_enableUnbondedGPIOPullups         
0     00015259  Device_enableUnbondedGPIOPullupsFor100Pin
0     00015242  Device_enableUnbondedGPIOPullupsFor176Pin
0     000150e0  Device_init                              
0     0001520d  Device_initGPIO                          
1     0000980e  Example_Fail                             
1     0000980c  Example_PassCount                        
1     0000980a  Example_Result                           
0     000152d4  Example_done                             
0     000152cf  Example_setResultFail                    
0     000152ca  Example_setResultPass                    
0     00015fe2  GPIO_setDirectionMode                    
0     00015e27  GPIO_setPadConfig                        
0     00015f77  GPIO_setPinConfig                        
0     00015f07  GPIO_setQualificationMode                
0     00015fae  Interrupt_enable                         
0     00015eca  Interrupt_initModule                     
0     000160c6  Interrupt_initVectorTable                
0     00015b78  MemCfg_getInitStatus                     
0     00015c92  MemCfg_initSections                      
0     00015f3f  MemCfg_setLSRAMMasterSel                 
0     0000013e  SysCtl_delay                             
0     00015e79  SysCtl_getClock                          
0     00015d0a  SysCtl_getDeviceParametric               
0     0001613c  SysCtl_getLowSpeedClock                  
0     00015d72  SysCtl_selectOscSource                   
0     0001554c  SysCtl_setClock                          
0     00016044  XBAR_setOutputMuxConfig                  
0     00000164  __TI_CINIT_Base                          
0     0000016c  __TI_CINIT_Limit                         
0     0000015a  __TI_Handler_Table_Base                  
0     00000160  __TI_Handler_Table_Limit                 
1     00000500  __TI_STACK_END                           
abs   00000100  __TI_STACK_SIZE                          
0     00016072  __TI_auto_init_nobinit_nopinit           
1     00009812  __TI_cleanup_ptr                         
0     00016013  __TI_decompress_lzss                     
0     000161d9  __TI_decompress_none                     
1     00009814  __TI_dtors_ptr                           
1     00009810  __TI_enable_exit_profile_output          
abs   ffffffff  __TI_pprof_out_hndl                      
abs   ffffffff  __TI_prof_data_size                      
abs   ffffffff  __TI_prof_data_start                     
0     000161a3  __TI_zero_init_nomemset                  
0     00015c0a  __c28xabi_divf                           
n/a   UNDEFED   __c_args__                               
0     000152c3  __error__                                
1     00000400  __stack                                  
0     000161b0  _args_main                               
0     00016156  _c_int00                                 
1     00009816  _lock                                    
0     000161d8  _nop                                     
0     000161d4  _register_lock                           
0     000161d0  _register_unlock                         
0     000161ed  _system_post_cinit                       
0     000161eb  _system_pre_init                         
1     00009818  _unlock                                  
0     0001609d  abort                                    
1     00009008  adcA1                                    
1     0000900a  adcA2                                    
1     0000900c  adcA3                                    
1     0000900e  adcB1                                    
1     00009010  adcB2                                    
1     00009012  adcB3                                    
1     00009014  adcB4                                    
1     00009016  adcC1                                    
1     00009018  adcC2                                    
1     0000901a  adcC3                                    
1     0000901c  adcD1                                    
1     0000901e  adcD2                                    
1     00009020  adcD3                                    
1     00009004  biendo                                   
0     0001593b  cla1Isr1                                 
0     0001596a  cla1Isr2                                 
0     0001599b  cla1Isr3                                 
0     000159cc  cla1Isr4                                 
0     000159fd  cla1Isr5                                 
0     00015a2e  cla1Isr6                                 
0     00015a5f  cla1Isr7                                 
0     00015a90  cla1Isr8                                 
0     00000000  code_start                               
0     0001591b  configureDAC                             
1     00009001  counter1                                 
1     00009002  counter2                                 
1     00009022  current_sector                           
1     00009006  dc                                       
0     000152d5  epwmQ1ISR                                
1     00009030  epwm_counter                             
0     0001609f  exit                                     
1     00009024  input                                    
0     000158c1  main                                     
0     00016105  memcpy                                   
1     00009808  pepwm_count                              
1     00009800  pinput                                   
1     00009802  psector                                  
1     00009806  ptime_out                                
1     00009804  ptime_v                                  
1     00012000  sin_tab                                  
1     00009000  stt                                      
0     000149ea  tida016060_enable_disable_Relay          
0     00014a4a  tida01606_setupADC                       
0     0001486c  tida01606_setupGPIO                      
0     00014b50  tida01606_setupGateDrivePwm              
0     00014c74  tida01606_setupPhasePWM                  
0     00014bbb  tida01606_setupTINV6EPWM                 
0     00014fea  tida_01606_configuECapforSDFMclk         
0     00014fcc  tida_01606_configurePWM1chUpCnt          
0     00014f45  tida_01606_configurePWMsyncSDFM          
0     00014f2f  tida_01606_setupTrigger                  
0     00014e70  tida_01606_setup_SDFM                    
1     0000902a  time_vector                              
1     00009040  time_vector_out                          


GLOBAL SYMBOLS: SORTED BY Symbol Address 

page  address   name                                     
----  -------   ----                                     
0     00000000  code_start                               
0     0000013e  SysCtl_delay                             
0     0000015a  __TI_Handler_Table_Base                  
0     00000160  __TI_Handler_Table_Limit                 
0     00000164  __TI_CINIT_Base                          
0     0000016c  __TI_CINIT_Limit                         
0     0000a000  Cla1Task1                                
0     0000a008  Cla1Task2                                
0     0000a010  Cla1Task3                                
0     0000a018  Cla1Task4                                
0     0000a020  Cla1Task5                                
0     0000a028  Cla1Task6                                
0     0000a030  Cla1Task7                                
0     0000a038  Cla1Task8                                
0     0001486c  tida01606_setupGPIO                      
0     000149ea  tida016060_enable_disable_Relay          
0     00014a4a  tida01606_setupADC                       
0     00014b50  tida01606_setupGateDrivePwm              
0     00014bbb  tida01606_setupTINV6EPWM                 
0     00014c74  tida01606_setupPhasePWM                  
0     00014d78  CLA_confiClaMemory                       
0     00014dc3  CLA_initCpu1Cla1                         
0     00014e70  tida_01606_setup_SDFM                    
0     00014f2f  tida_01606_setupTrigger                  
0     00014f45  tida_01606_configurePWMsyncSDFM          
0     00014fcc  tida_01606_configurePWM1chUpCnt          
0     00014fea  tida_01606_configuECapforSDFMclk         
0     000150e0  Device_init                              
0     00015122  Device_enableAllPeripherals              
0     0001520d  Device_initGPIO                          
0     00015242  Device_enableUnbondedGPIOPullupsFor176Pin
0     00015259  Device_enableUnbondedGPIOPullupsFor100Pin
0     0001527c  Device_enableUnbondedGPIOPullups         
0     00015292  Device_configureTMXAnalogTrim            
0     000152c3  __error__                                
0     000152ca  Example_setResultPass                    
0     000152cf  Example_setResultFail                    
0     000152d4  Example_done                             
0     000152d5  epwmQ1ISR                                
0     0001554c  SysCtl_setClock                          
0     000158c1  main                                     
0     0001591b  configureDAC                             
0     0001593b  cla1Isr1                                 
0     0001596a  cla1Isr2                                 
0     0001599b  cla1Isr3                                 
0     000159cc  cla1Isr4                                 
0     000159fd  cla1Isr5                                 
0     00015a2e  cla1Isr6                                 
0     00015a5f  cla1Isr7                                 
0     00015a90  cla1Isr8                                 
0     00015abf  ADC_setMode                              
0     00015b78  MemCfg_getInitStatus                     
0     00015c0a  __c28xabi_divf                           
0     00015c92  MemCfg_initSections                      
0     00015d0a  SysCtl_getDeviceParametric               
0     00015d72  SysCtl_selectOscSource                   
0     00015dd0  DAC_tuneOffsetTrim                       
0     00015e27  GPIO_setPadConfig                        
0     00015e79  SysCtl_getClock                          
0     00015eca  Interrupt_initModule                     
0     00015f07  GPIO_setQualificationMode                
0     00015f3f  MemCfg_setLSRAMMasterSel                 
0     00015f77  GPIO_setPinConfig                        
0     00015fae  Interrupt_enable                         
0     00015fe2  GPIO_setDirectionMode                    
0     00016013  __TI_decompress_lzss                     
0     00016044  XBAR_setOutputMuxConfig                  
0     00016072  __TI_auto_init_nobinit_nopinit           
0     0001609d  C$$EXIT                                  
0     0001609d  abort                                    
0     0001609f  exit                                     
0     000160c6  Interrupt_initVectorTable                
0     00016105  memcpy                                   
0     0001613c  SysCtl_getLowSpeedClock                  
0     00016156  _c_int00                                 
0     000161a3  __TI_zero_init_nomemset                  
0     000161b0  _args_main                               
0     000161d0  _register_unlock                         
0     000161d4  _register_lock                           
0     000161d8  _nop                                     
0     000161d9  __TI_decompress_none                     
0     000161eb  _system_pre_init                         
0     000161ed  _system_post_cinit                       
1     00000400  __stack                                  
1     00000500  __TI_STACK_END                           
1     00009000  stt                                      
1     00009001  counter1                                 
1     00009002  counter2                                 
1     00009004  biendo                                   
1     00009006  dc                                       
1     00009008  adcA1                                    
1     0000900a  adcA2                                    
1     0000900c  adcA3                                    
1     0000900e  adcB1                                    
1     00009010  adcB2                                    
1     00009012  adcB3                                    
1     00009014  adcB4                                    
1     00009016  adcC1                                    
1     00009018  adcC2                                    
1     0000901a  adcC3                                    
1     0000901c  adcD1                                    
1     0000901e  adcD2                                    
1     00009020  adcD3                                    
1     00009022  current_sector                           
1     00009024  input                                    
1     0000902a  time_vector                              
1     00009030  epwm_counter                             
1     00009040  time_vector_out                          
1     00009800  pinput                                   
1     00009802  psector                                  
1     00009804  ptime_v                                  
1     00009806  ptime_out                                
1     00009808  pepwm_count                              
1     0000980a  Example_Result                           
1     0000980c  Example_PassCount                        
1     0000980e  Example_Fail                             
1     00009810  __TI_enable_exit_profile_output          
1     00009812  __TI_cleanup_ptr                         
1     00009814  __TI_dtors_ptr                           
1     00009816  _lock                                    
1     00009818  _unlock                                  
1     00012000  sin_tab                                  
abs   00000100  __TI_STACK_SIZE                          
abs   ffffffff  __TI_pprof_out_hndl                      
abs   ffffffff  __TI_prof_data_size                      
abs   ffffffff  __TI_prof_data_start                     
n/a   UNDEFED   __c_args__                               

[127 symbols]
