******************************************************************************
             TMS320C2000 Linker PC v20.2.0                     
******************************************************************************
>> Linked Tue Dec 22 13:32:07 2020

OUTPUT FILE NAME:   <empty_driverlib_project_cpu1.out>
ENTRY POINT SYMBOL: "code_start"  address: 00080000


MEMORY CONFIGURATION

         name            origin    length      used     unused   attr    fill
----------------------  --------  ---------  --------  --------  ----  --------
PAGE 0:
  RAMM0                 00000123   000002dd  00000000  000002dd  RWIX
  RAMLS0                00008000   00000800  00000004  000007fc  RWIX
  RAMLS1                00008800   00000800  00000000  00000800  RWIX
  RAMLS2                00009000   00000800  00000000  00000800  RWIX
  RAMLS3                00009800   00000800  00000000  00000800  RWIX
  RAMLS4                0000a000   00000800  00000000  00000800  RWIX
  RAMD0                 0000b000   00000800  00000000  00000800  RWIX
  RAMGS14               0001a000   00001000  00000000  00001000  RWIX
  RAMGS15               0001b000   00000ff8  00000000  00000ff8  RWIX
  BEGIN                 00080000   00000002  00000002  00000000  RWIX
  FLASHA                00080002   00001ffe  00000000  00001ffe  RWIX
  FLASHB                00082000   00002000  00000000  00002000  RWIX
  FLASHC                00084000   00002000  00000000  00002000  RWIX
  FLASHD                00086000   00002000  00000004  00001ffc  RWIX
  FLASHE                00088000   00008000  00000028  00007fd8  RWIX
  FLASHF                00090000   00008000  000028b0  00005750  RWIX
  FLASHG                00098000   00008000  00000000  00008000  RWIX
  FLASHH                000a0000   00008000  00000000  00008000  RWIX
  FLASHI                000a8000   00008000  00000000  00008000  RWIX
  FLASHJ                000b0000   00008000  00000000  00008000  RWIX
  FLASHK                000b8000   00002000  00000000  00002000  RWIX
  FLASHL                000ba000   00002000  00000000  00002000  RWIX
  FLASHM                000bc000   00002000  00000000  00002000  RWIX
  FLASHN                000be000   00001ff0  00000000  00001ff0  RWIX
  RESET                 003fffc0   00000002  00000000  00000002  RWIX

PAGE 1:
  BOOT_RSVD             00000002   00000121  00000000  00000121  RWIX
  RAMM1                 00000400   000003f8  00000100  000002f8  RWIX
  RAMLS5                0000a800   00000800  0000003c  000007c4  RWIX
  RAMD1                 0000b800   00000800  00000000  00000800  RWIX
  RAMGS0                0000c000   00001000  00000000  00001000  RWIX
  RAMGS1                0000d000   00001000  00000000  00001000  RWIX
  RAMGS2                0000e000   00001000  00000000  00001000  RWIX
  RAMGS3                0000f000   00001000  00000000  00001000  RWIX
  RAMGS4                00010000   00001000  00000000  00001000  RWIX
  RAMGS5                00011000   00001000  00000000  00001000  RWIX
  RAMGS6                00012000   00001000  00000000  00001000  RWIX
  RAMGS7                00013000   00001000  00000000  00001000  RWIX
  RAMGS8                00014000   00001000  00000000  00001000  RWIX
  RAMGS9                00015000   00001000  00000000  00001000  RWIX
  RAMGS10               00016000   00001000  00000000  00001000  RWIX
  RAMGS11               00017000   00001000  00000000  00001000  RWIX
  RAMGS12               00018000   00001000  00000000  00001000  RWIX
  RAMGS13               00019000   00001000  00000000  00001000  RWIX
  CPU2TOCPU1RAM         0003f800   00000400  00000000  00000400  RWIX
  CPU1TOCPU2RAM         0003fc00   00000400  00000000  00000400  RWIX


SECTION ALLOCATION MAP

 output                                  attributes/
section   page    origin      length       input sections
--------  ----  ----------  ----------   ----------------
codestart 
*          0    00080000    00000002     
                  00080000    00000002     F2837xD_CodeStartBranch.obj (codestart)

.cinit     0    00088000    00000028     
                  00088000    00000015     (.cinit..data.load) [load image, compression = lzss]
                  00088015    00000001     --HOLE-- [fill = 0]
                  00088016    00000006     (__TI_handler_table)
                  0008801c    00000004     (.cinit..bss.load) [load image, compression = zero_init]
                  00088020    00000008     (__TI_cinit_table)

.text      0    00090000    0000270a     
                  00090000    000017d1     tida01606_define.obj (.text)
                  000917d1    00000537     svm_gen.obj (.text)
                  00091d08    0000021f     driverlib_eabi.lib : sysctl.obj (.text:SysCtl_setClock)
                  00091f27    000001e8     device.obj (.text)
                  0009210f    000000b9     driverlib_eabi.lib : adc.obj (.text:ADC_setMode)
                  000921c8    00000088     rts2800_fpu32_eabi.lib : fs_div28.asm.obj (.text)
                  00092250    00000068     driverlib_eabi.lib : sysctl.obj (.text:SysCtl_getDeviceParametric)
                  000922b8    00000068     empty_driverlib_main_cpu1.obj (.text:retain)
                  00092320    0000005e     driverlib_eabi.lib : sysctl.obj (.text:SysCtl_selectOscSource)
                  0009237e    00000052                        : gpio.obj (.text:GPIO_setPadConfig)
                  000923d0    00000051                        : sysctl.obj (.text:SysCtl_getClock)
                  00092421    0000004b     empty_driverlib_main_cpu1.obj (.text)
                  0009246c    0000003d     driverlib_eabi.lib : interrupt.obj (.text:Interrupt_initModule)
                  000924a9    00000038                        : gpio.obj (.text:GPIO_setQualificationMode)
                  000924e1    00000037                        : gpio.obj (.text:GPIO_setPinConfig)
                  00092518    00000034                        : interrupt.obj (.text:Interrupt_enable)
                  0009254c    00000031                        : gpio.obj (.text:GPIO_setDirectionMode)
                  0009257d    00000031     rts2800_fpu32_eabi.lib : copy_decompress_lzss.c.obj (.text:decompress:lzss)
                  000925ae    0000002b                            : autoinit.c.obj (.text:__TI_auto_init_nobinit_nopinit)
                  000925d9    00000029                            : exit.c.obj (.text)
                  00092602    00000020     driverlib_eabi.lib : interrupt.obj (.text:Interrupt_initVectorTable)
                  00092622    0000001f                        : adc.obj (.text:ADC_isBaseValid)
                  00092641    0000001d     rts2800_fpu32_eabi.lib : memcpy.c.obj (.text)
                  0009265e    0000001a     driverlib_eabi.lib : sysctl.obj (.text:SysCtl_getLowSpeedClock)
                  00092678    00000017     rts2800_fpu32_eabi.lib : boot28.asm.obj (.text)
                  0009268f    0000000e     driverlib_eabi.lib : gpio.obj (.text:GPIO_isPinValid)
                  0009269d    0000000e                        : interrupt.obj (.text:Interrupt_defaultHandler)
                  000926ab    0000000d                        : interrupt.obj (.text:Interrupt_disableMaster)
                  000926b8    0000000d                        : interrupt.obj (.text:Interrupt_enableMaster)
                  000926c5    0000000d     rts2800_fpu32_eabi.lib : copy_zero_init.c.obj (.text:decompress:ZI:__TI_zero_init_nomemset)
                  000926d2    0000000c                            : args_main.c.obj (.text)
                  000926de    0000000b     driverlib_eabi.lib : sysctl.obj (.text:SysCtl_isMCDClockFailureDetected)
                  000926e9    00000009                        : sysctl.obj (.text:SysCtl_serviceWatchdog)
                  000926f2    00000009     rts2800_fpu32_eabi.lib : _lock.c.obj (.text)
                  000926fb    00000008                            : copy_decompress_none.c.obj (.text:decompress:none)
                  00092703    00000002     driverlib_eabi.lib : interrupt.obj (.text:Interrupt_illegalOperationHandler)
                  00092705    00000002                        : interrupt.obj (.text:Interrupt_nmiHandler)
                  00092707    00000002     rts2800_fpu32_eabi.lib : pre_init.c.obj (.text)
                  00092709    00000001                            : startup.c.obj (.text)

.stack     1    00000400    00000100     UNINITIALIZED
                  00000400    00000100     --HOLE--

.reset     0    003fffc0    00000000     DSECT

.init_array 
*          0    00082000    00000000     UNINITIALIZED

.bss       1    0000a800    00000022     UNINITIALIZED
                  0000a800    00000022     empty_driverlib_main_cpu1.obj (.bss)

.data      1    0000a822    0000001a     UNINITIALIZED
                  0000a822    0000000a     empty_driverlib_main_cpu1.obj (.data)
                  0000a82c    00000006     device.obj (.data)
                  0000a832    00000006     rts2800_fpu32_eabi.lib : exit.c.obj (.data)
                  0000a838    00000002                            : _lock.c.obj (.data:_lock)
                  0000a83a    00000002                            : _lock.c.obj (.data:_unlock)

.const     0    00092710    000001a6     
                  00092710    000000b0     driverlib_eabi.lib : gpio.obj (.const:.string)
                  000927c0    0000005a                        : sysctl.obj (.const:.string)
                  0009281a    00000057                        : adc.obj (.const:.string)
                  00092871    00000001     --HOLE-- [fill = 0]
                  00092872    00000044     tida01606_define.obj (.const:.string)

.TI.ramfunc 
*          0    00086000    00000004     RUN ADDR = 00008000
                  00086000    00000004     driverlib_eabi.lib : sysctl.obj (.TI.ramfunc)

GETBUFFER 
*          0    0003f800    00000000     DSECT

GETWRITEIDX 
*          0    0003f800    00000000     DSECT

PUTREADIDX 
*          0    0003f800    00000000     DSECT

MODULE SUMMARY

       Module                          code    ro data   rw data
       ------                          ----    -------   -------
    .\
       tida01606_define.obj            6097    68        0      
       svm_gen.obj                     1335    0         0      
       empty_driverlib_main_cpu1.obj   179     0         44     
    +--+-------------------------------+-------+---------+---------+
       Total:                          7611    68        44     
                                                                
    .\device\
       device.obj                      488     0         6      
       F2837xD_CodeStartBranch.obj     2       0         0      
    +--+-------------------------------+-------+---------+---------+
       Total:                          490     0         6      
                                                                
    C:\ti\c2000\C2000Ware_3_01_00_00\driverlib\f2837xd\driverlib\ccs\Debug\driverlib_eabi.lib
       sysctl.obj                      876     90        0      
       gpio.obj                        256     176       0      
       adc.obj                         216     87        0      
       interrupt.obj                   189     0         0      
    +--+-------------------------------+-------+---------+---------+
       Total:                          1537    353       0      
                                                                
    C:\ti\ccs1000\ccs\tools\compiler\ti-cgt-c2000_20.2.0.LTS\lib\rts2800_fpu32_eabi.lib
       fs_div28.asm.obj                136     0         0      
       copy_decompress_lzss.c.obj      49      0         0      
       exit.c.obj                      41      0         6      
       autoinit.c.obj                  43      0         0      
       memcpy.c.obj                    29      0         0      
       boot28.asm.obj                  23      0         0      
       _lock.c.obj                     9       0         4      
       copy_zero_init.c.obj            13      0         0      
       args_main.c.obj                 12      0         0      
       copy_decompress_none.c.obj      8       0         0      
       pre_init.c.obj                  2       0         0      
       startup.c.obj                   1       0         0      
    +--+-------------------------------+-------+---------+---------+
       Total:                          366     0         10     
                                                                
       Stack:                          0       0         256    
       Linker Generated:               0       39        0      
    +--+-------------------------------+-------+---------+---------+
       Grand Total:                    10004   460       316    


LINKER GENERATED COPY TABLES

__TI_cinit_table @ 00088020 records: 2, size/record: 4, table size: 8
	.data: load addr=00088000, load size=00000015 bytes, run addr=0000a822, run size=0000001a bytes, compression=lzss
	.bss: load addr=0008801c, load size=00000004 bytes, run addr=0000a800, run size=00000022 bytes, compression=zero_init


LINKER GENERATED HANDLER TABLE

__TI_handler_table @ 00088016 records: 3, size/record: 2, table size: 6
	index: 0, handler: __TI_zero_init
	index: 1, handler: __TI_decompress_lzss
	index: 2, handler: __TI_decompress_none


GLOBAL DATA SYMBOLS: SORTED BY DATA PAGE

address     data page           name
--------    ----------------    ----
00000400      10 (00000400)     __stack

0000a800     2a0 (0000a800)     counter
0000a801     2a0 (0000a800)     current_sector
0000a804     2a0 (0000a800)     input
0000a80a     2a0 (0000a800)     time_vector
0000a810     2a0 (0000a800)     epwm_counter
0000a816     2a0 (0000a800)     time_vector_out
0000a822     2a0 (0000a800)     pinput
0000a824     2a0 (0000a800)     psector
0000a826     2a0 (0000a800)     ptime_v
0000a828     2a0 (0000a800)     ptime_out
0000a82a     2a0 (0000a800)     pepwm_count
0000a82c     2a0 (0000a800)     Example_Result
0000a82e     2a0 (0000a800)     Example_PassCount
0000a830     2a0 (0000a800)     Example_Fail
0000a832     2a0 (0000a800)     __TI_enable_exit_profile_output
0000a834     2a0 (0000a800)     __TI_cleanup_ptr
0000a836     2a0 (0000a800)     __TI_dtors_ptr
0000a838     2a0 (0000a800)     _lock
0000a83a     2a0 (0000a800)     _unlock


GLOBAL SYMBOLS: SORTED ALPHABETICALLY BY Name 

page  address   name                                     
----  -------   ----                                     
0     0009210f  ADC_setMode                              
0     00091c57  Assign_ePWM_counter                      
0     000925d9  C$$EXIT                                  
0     000918a0  Calculate_time_out                       
0     0009189d  Calculate_time_vector                    
0     00091fa5  Device_configureTMXAnalogTrim            
0     00091fd8  Device_enableAllPeripherals              
0     00091f77  Device_enableUnbondedGPIOPullups         
0     00091f50  Device_enableUnbondedGPIOPullupsFor100Pin
0     00091f35  Device_enableUnbondedGPIOPullupsFor176Pin
0     000920b6  Device_init                              
0     00091f87  Device_initGPIO                          
1     0000a830  Example_Fail                             
1     0000a82e  Example_PassCount                        
1     0000a82c  Example_Result                           
0     00091f34  Example_done                             
0     00091f2f  Example_setResultFail                    
0     00091f2a  Example_setResultPass                    
0     0009254c  GPIO_setDirectionMode                    
0     0009237e  GPIO_setPadConfig                        
0     000924e1  GPIO_setPinConfig                        
0     000924a9  GPIO_setQualificationMode                
0     00092518  Interrupt_enable                         
0     0009246c  Interrupt_initModule                     
0     00092602  Interrupt_initVectorTable                
0     00086004  RamfuncsLoadEnd                          
abs   00000004  RamfuncsLoadSize                         
0     00086000  RamfuncsLoadStart                        
0     00008004  RamfuncsRunEnd                           
abs   00000004  RamfuncsRunSize                          
0     00008000  RamfuncsRunStart                         
0     000917d1  Seclect_sector_subsector                 
0     00008000  SysCtl_delay                             
0     000923d0  SysCtl_getClock                          
0     00092250  SysCtl_getDeviceParametric               
0     0009265e  SysCtl_getLowSpeedClock                  
0     00092320  SysCtl_selectOscSource                   
0     00091d08  SysCtl_setClock                          
0     00088020  __TI_CINIT_Base                          
0     00088028  __TI_CINIT_Limit                         
0     00088016  __TI_Handler_Table_Base                  
0     0008801c  __TI_Handler_Table_Limit                 
1     00000500  __TI_STACK_END                           
abs   00000100  __TI_STACK_SIZE                          
0     000925ae  __TI_auto_init_nobinit_nopinit           
1     0000a834  __TI_cleanup_ptr                         
0     0009257d  __TI_decompress_lzss                     
0     000926fb  __TI_decompress_none                     
1     0000a836  __TI_dtors_ptr                           
1     0000a832  __TI_enable_exit_profile_output          
abs   ffffffff  __TI_pprof_out_hndl                      
abs   ffffffff  __TI_prof_data_size                      
abs   ffffffff  __TI_prof_data_start                     
0     000926c5  __TI_zero_init_nomemset                  
0     000921c8  __c28xabi_divf                           
n/a   UNDEFED   __c_args__                               
0     00091f27  __error__                                
1     00000400  __stack                                  
0     000926d2  _args_main                               
0     00092678  _c_int00                                 
1     0000a838  _lock                                    
0     000926fa  _nop                                     
0     000926f6  _register_lock                           
0     000926f2  _register_unlock                         
0     00092709  _system_post_cinit                       
0     00092707  _system_pre_init                         
1     0000a83a  _unlock                                  
0     000925d9  abort                                    
0     00080000  code_start                               
1     0000a800  counter                                  
1     0000a801  current_sector                           
0     000922b8  epwmQ1ISR                                
1     0000a810  epwm_counter                             
0     000925db  exit                                     
1     0000a804  input                                    
0     00092421  main                                     
0     00092641  memcpy                                   
1     0000a82a  pepwm_count                              
1     0000a822  pinput                                   
1     0000a824  psector                                  
1     0000a828  ptime_out                                
1     0000a826  ptime_v                                  
0     00091ce8  svm_gen                                  
0     000917a4  tida016060_enable_disable_Relay          
0     000916f3  tida01606_setupADC                       
0     000915dd  tida01606_setupGPIO                      
0     00090f69  tida01606_setupGateDrivePwm              
0     00090000  tida01606_setupPhasePWM                  
0     00090ea4  tida01606_setupTINV6EPWM                 
1     0000a80a  time_vector                              
1     0000a816  time_vector_out                          


GLOBAL SYMBOLS: SORTED BY Symbol Address 

page  address   name                                     
----  -------   ----                                     
0     00008000  RamfuncsRunStart                         
0     00008000  SysCtl_delay                             
0     00008004  RamfuncsRunEnd                           
0     00080000  code_start                               
0     00086000  RamfuncsLoadStart                        
0     00086004  RamfuncsLoadEnd                          
0     00088016  __TI_Handler_Table_Base                  
0     0008801c  __TI_Handler_Table_Limit                 
0     00088020  __TI_CINIT_Base                          
0     00088028  __TI_CINIT_Limit                         
0     00090000  tida01606_setupPhasePWM                  
0     00090ea4  tida01606_setupTINV6EPWM                 
0     00090f69  tida01606_setupGateDrivePwm              
0     000915dd  tida01606_setupGPIO                      
0     000916f3  tida01606_setupADC                       
0     000917a4  tida016060_enable_disable_Relay          
0     000917d1  Seclect_sector_subsector                 
0     0009189d  Calculate_time_vector                    
0     000918a0  Calculate_time_out                       
0     00091c57  Assign_ePWM_counter                      
0     00091ce8  svm_gen                                  
0     00091d08  SysCtl_setClock                          
0     00091f27  __error__                                
0     00091f2a  Example_setResultPass                    
0     00091f2f  Example_setResultFail                    
0     00091f34  Example_done                             
0     00091f35  Device_enableUnbondedGPIOPullupsFor176Pin
0     00091f50  Device_enableUnbondedGPIOPullupsFor100Pin
0     00091f77  Device_enableUnbondedGPIOPullups         
0     00091f87  Device_initGPIO                          
0     00091fa5  Device_configureTMXAnalogTrim            
0     00091fd8  Device_enableAllPeripherals              
0     000920b6  Device_init                              
0     0009210f  ADC_setMode                              
0     000921c8  __c28xabi_divf                           
0     00092250  SysCtl_getDeviceParametric               
0     000922b8  epwmQ1ISR                                
0     00092320  SysCtl_selectOscSource                   
0     0009237e  GPIO_setPadConfig                        
0     000923d0  SysCtl_getClock                          
0     00092421  main                                     
0     0009246c  Interrupt_initModule                     
0     000924a9  GPIO_setQualificationMode                
0     000924e1  GPIO_setPinConfig                        
0     00092518  Interrupt_enable                         
0     0009254c  GPIO_setDirectionMode                    
0     0009257d  __TI_decompress_lzss                     
0     000925ae  __TI_auto_init_nobinit_nopinit           
0     000925d9  C$$EXIT                                  
0     000925d9  abort                                    
0     000925db  exit                                     
0     00092602  Interrupt_initVectorTable                
0     00092641  memcpy                                   
0     0009265e  SysCtl_getLowSpeedClock                  
0     00092678  _c_int00                                 
0     000926c5  __TI_zero_init_nomemset                  
0     000926d2  _args_main                               
0     000926f2  _register_unlock                         
0     000926f6  _register_lock                           
0     000926fa  _nop                                     
0     000926fb  __TI_decompress_none                     
0     00092707  _system_pre_init                         
0     00092709  _system_post_cinit                       
1     00000400  __stack                                  
1     00000500  __TI_STACK_END                           
1     0000a800  counter                                  
1     0000a801  current_sector                           
1     0000a804  input                                    
1     0000a80a  time_vector                              
1     0000a810  epwm_counter                             
1     0000a816  time_vector_out                          
1     0000a822  pinput                                   
1     0000a824  psector                                  
1     0000a826  ptime_v                                  
1     0000a828  ptime_out                                
1     0000a82a  pepwm_count                              
1     0000a82c  Example_Result                           
1     0000a82e  Example_PassCount                        
1     0000a830  Example_Fail                             
1     0000a832  __TI_enable_exit_profile_output          
1     0000a834  __TI_cleanup_ptr                         
1     0000a836  __TI_dtors_ptr                           
1     0000a838  _lock                                    
1     0000a83a  _unlock                                  
abs   00000004  RamfuncsLoadSize                         
abs   00000004  RamfuncsRunSize                          
abs   00000100  __TI_STACK_SIZE                          
abs   ffffffff  __TI_pprof_out_hndl                      
abs   ffffffff  __TI_prof_data_size                      
abs   ffffffff  __TI_prof_data_start                     
n/a   UNDEFED   __c_args__                               

[91 symbols]
